[rubick-html.vercel.app/index.html]
[backblue.gif]
[fade.gif]
[index.html]
[rubick-html.vercel.app/dist/images/logo.svg]
[rubick-html.vercel.app/dist/css/app.css]
[rubick-html.vercel.app/side-menu-light-dashboard-overview-2.html]
[rubick-html.vercel.app/side-menu-light-dashboard-overview-3.html]
[rubick-html.vercel.app/side-menu-light-dashboard-overview-4.html]
[rubick-html.vercel.app/simple-menu-light-dashboard-overview-1.html]
[rubick-html.vercel.app/top-menu-light-dashboard-overview-1.html]
[rubick-html.vercel.app/side-menu-light-categories.html]
[rubick-html.vercel.app/side-menu-light-add-product.html]
[rubick-html.vercel.app/side-menu-light-product-list.html]
[rubick-html.vercel.app/side-menu-light-product-grid.html]
[rubick-html.vercel.app/side-menu-light-transaction-list.html]
[rubick-html.vercel.app/side-menu-light-transaction-detail.html]
[rubick-html.vercel.app/side-menu-light-seller-list.html]
[rubick-html.vercel.app/side-menu-light-seller-detail.html]
[rubick-html.vercel.app/side-menu-light-reviews.html]
[rubick-html.vercel.app/side-menu-light-inbox.html]
[rubick-html.vercel.app/side-menu-light-file-manager.html]
[rubick-html.vercel.app/side-menu-light-point-of-sale.html]
[rubick-html.vercel.app/side-menu-light-chat.html]
[rubick-html.vercel.app/side-menu-light-post.html]
[rubick-html.vercel.app/side-menu-light-calendar.html]
[rubick-html.vercel.app/side-menu-light-crud-data-list.html]
[rubick-html.vercel.app/side-menu-light-crud-form.html]
[rubick-html.vercel.app/side-menu-light-users-layout-1.html]
[rubick-html.vercel.app/side-menu-light-users-layout-2.html]
[rubick-html.vercel.app/side-menu-light-users-layout-3.html]
[rubick-html.vercel.app/side-menu-light-profile-overview-1.html]
[rubick-html.vercel.app/side-menu-light-profile-overview-2.html]
[rubick-html.vercel.app/side-menu-light-profile-overview-3.html]
[rubick-html.vercel.app/side-menu-light-wizard-layout-1.html]
[rubick-html.vercel.app/side-menu-light-wizard-layout-2.html]
[rubick-html.vercel.app/side-menu-light-wizard-layout-3.html]
[rubick-html.vercel.app/side-menu-light-blog-layout-1.html]
[rubick-html.vercel.app/side-menu-light-blog-layout-2.html]
[rubick-html.vercel.app/side-menu-light-blog-layout-3.html]
[rubick-html.vercel.app/side-menu-light-pricing-layout-1.html]
[rubick-html.vercel.app/side-menu-light-pricing-layout-2.html]
[rubick-html.vercel.app/side-menu-light-invoice-layout-1.html]
[rubick-html.vercel.app/side-menu-light-invoice-layout-2.html]
[rubick-html.vercel.app/side-menu-light-faq-layout-1.html]
[rubick-html.vercel.app/side-menu-light-faq-layout-2.html]
[rubick-html.vercel.app/side-menu-light-faq-layout-3.html]
[rubick-html.vercel.app/login-light-login.html]
[rubick-html.vercel.app/login-light-register.html]
[rubick-html.vercel.app/main-light-error-page.html]
[rubick-html.vercel.app/side-menu-light-update-profile.html]
[rubick-html.vercel.app/side-menu-light-change-password.html]
[rubick-html.vercel.app/side-menu-light-regular-table.html]
[rubick-html.vercel.app/side-menu-light-tabulator.html]
[rubick-html.vercel.app/side-menu-light-modal.html]
[rubick-html.vercel.app/side-menu-light-slide-over.html]
[rubick-html.vercel.app/side-menu-light-notification.html]
[rubick-html.vercel.app/side-menu-light-tab.html]
[rubick-html.vercel.app/side-menu-light-accordion.html]
[rubick-html.vercel.app/side-menu-light-button.html]
[rubick-html.vercel.app/side-menu-light-alert.html]
[rubick-html.vercel.app/side-menu-light-progress-bar.html]
[rubick-html.vercel.app/side-menu-light-tooltip.html]
[rubick-html.vercel.app/side-menu-light-dropdown.html]
[rubick-html.vercel.app/side-menu-light-typography.html]
[rubick-html.vercel.app/side-menu-light-icon.html]
[rubick-html.vercel.app/side-menu-light-loading-icon.html]
[rubick-html.vercel.app/side-menu-light-regular-form.html]
[rubick-html.vercel.app/side-menu-light-datepicker.html]
[rubick-html.vercel.app/side-menu-light-tom-select.html]
[rubick-html.vercel.app/side-menu-light-file-upload.html]
[rubick-html.vercel.app/side-menu-light-wysiwyg-editor-classic.html]
[rubick-html.vercel.app/side-menu-light-wysiwyg-editor-inline.html]
[rubick-html.vercel.app/side-menu-light-wysiwyg-editor-balloon.html]
[rubick-html.vercel.app/side-menu-light-wysiwyg-editor-balloon-block.html]
[rubick-html.vercel.app/side-menu-light-wysiwyg-editor-document.html]
[rubick-html.vercel.app/side-menu-light-validation.html]
[rubick-html.vercel.app/side-menu-light-chart.html]
[rubick-html.vercel.app/side-menu-light-slider.html]
[rubick-html.vercel.app/side-menu-light-image-zoom.html]
[rubick-html.vercel.app/dist/images/profile-7.jpg]
[rubick-html.vercel.app/dist/images/profile-2.jpg]
[rubick-html.vercel.app/dist/images/profile-5.jpg]
[rubick-html.vercel.app/dist/images/profile-9.jpg]
[rubick-html.vercel.app/dist/images/preview-9.jpg]
[rubick-html.vercel.app/dist/images/preview-1.jpg]
[rubick-html.vercel.app/dist/images/preview-2.jpg]
[rubick-html.vercel.app/dist/images/preview-8.jpg]
[rubick-html.vercel.app/dist/images/profile-1.jpg]
[rubick-html.vercel.app/dist/images/profile-14.jpg]
[rubick-html.vercel.app/dist/images/profile-11.jpg]
[rubick-html.vercel.app/dist/images/profile-13.jpg]
[rubick-html.vercel.app/dist/images/preview-12.jpg]
[rubick-html.vercel.app/dist/images/preview-6.jpg]
[rubick-html.vercel.app/dist/images/preview-13.jpg]
[rubick-html.vercel.app/dist/images/preview-15.jpg]
[rubick-html.vercel.app/dist/images/preview-5.jpg]
[rubick-html.vercel.app/dist/images/preview-14.jpg]
[rubick-html.vercel.app/dist/images/profile-12.jpg]
[rubick-html.vercel.app/dist/images/profile-6.jpg]
[developers.google.com/maps/documentation/javascript/examples/markerclusterer/markerclusterer.js]
[rubick-html.vercel.app/index.html]
[rubick-html.vercel.app/dist/images/logo.svg]
[rubick-html.vercel.app/dist/css/images/layers.png]
[rubick-html.vercel.app/dist/css/images/layers-2x.png]
[rubick-html.vercel.app/dist/css/images/marker-icon.png]
[rubick-html.vercel.app/dist/css/app.css]
[rubick-html.vercel.app/dist/js/app.js]
[rubick-html.vercel.app/dist/images/profile-4.jpg]
[rubick-html.vercel.app/dist/images/profile-15.jpg]
[rubick-html.vercel.app/dist/images/preview-11.jpg]
[rubick-html.vercel.app/dist/images/preview-7.jpg]
[rubick-html.vercel.app/dist/images/profile-10.jpg]
[rubick-html.vercel.app/dist/images/profile-3.jpg]
[rubick-html.vercel.app/dist/images/woman-illustration.svg]
[rubick-html.vercel.app/dist/images/phone-illustration.svg]
[rubick-html.vercel.app/dist/images/preview-10.jpg]
[rubick-html.vercel.app/dist/images/preview-4.jpg]
[rubick-html.vercel.app/side-menu-light-dashboard-overview-2.html]
[rubick-html.vercel.app/dist/images/preview-3.jpg]
[rubick-html.vercel.app/side-menu-light-dashboard-overview-3.html]
[rubick-html.vercel.app/side-menu-light-dashboard-overview-4.html]
[rubick-html.vercel.app/simple-menu-light-dashboard-overview-2.html]
[rubick-html.vercel.app/simple-menu-light-dashboard-overview-3.html]
[rubick-html.vercel.app/simple-menu-light-dashboard-overview-4.html]
[rubick-html.vercel.app/simple-menu-light-categories.html]
[rubick-html.vercel.app/simple-menu-light-add-product.html]
[rubick-html.vercel.app/simple-menu-light-product-list.html]
[rubick-html.vercel.app/simple-menu-light-product-grid.html]
[rubick-html.vercel.app/simple-menu-light-transaction-list.html]
[rubick-html.vercel.app/simple-menu-light-transaction-detail.html]
[rubick-html.vercel.app/simple-menu-light-seller-list.html]
[rubick-html.vercel.app/simple-menu-light-seller-detail.html]
[rubick-html.vercel.app/simple-menu-light-reviews.html]
[rubick-html.vercel.app/simple-menu-light-inbox.html]
[rubick-html.vercel.app/simple-menu-light-file-manager.html]
[rubick-html.vercel.app/simple-menu-light-point-of-sale.html]
[rubick-html.vercel.app/simple-menu-light-chat.html]
[rubick-html.vercel.app/simple-menu-light-post.html]
[rubick-html.vercel.app/simple-menu-light-calendar.html]
[rubick-html.vercel.app/simple-menu-light-users-layout-1.html]
[rubick-html.vercel.app/simple-menu-light-users-layout-2.html]
[rubick-html.vercel.app/simple-menu-light-users-layout-3.html]
[rubick-html.vercel.app/simple-menu-light-profile-overview-1.html]
[rubick-html.vercel.app/simple-menu-light-profile-overview-2.html]
[rubick-html.vercel.app/simple-menu-light-profile-overview-3.html]
[rubick-html.vercel.app/simple-menu-light-wizard-layout-1.html]
[rubick-html.vercel.app/simple-menu-light-wizard-layout-2.html]
[rubick-html.vercel.app/simple-menu-light-wizard-layout-3.html]
[rubick-html.vercel.app/simple-menu-light-blog-layout-1.html]
[rubick-html.vercel.app/simple-menu-light-blog-layout-2.html]
[rubick-html.vercel.app/simple-menu-light-blog-layout-3.html]
[rubick-html.vercel.app/simple-menu-light-pricing-layout-1.html]
[rubick-html.vercel.app/simple-menu-light-pricing-layout-2.html]
[rubick-html.vercel.app/simple-menu-light-invoice-layout-1.html]
[rubick-html.vercel.app/simple-menu-light-invoice-layout-2.html]
[rubick-html.vercel.app/simple-menu-light-faq-layout-1.html]
[rubick-html.vercel.app/simple-menu-light-faq-layout-2.html]
[rubick-html.vercel.app/simple-menu-light-faq-layout-3.html]
[rubick-html.vercel.app/simple-menu-light-update-profile.html]
[rubick-html.vercel.app/simple-menu-light-change-password.html]
[rubick-html.vercel.app/simple-menu-light-regular-table.html]
[rubick-html.vercel.app/simple-menu-light-tabulator.html]
[rubick-html.vercel.app/simple-menu-light-modal.html]
[rubick-html.vercel.app/simple-menu-light-slide-over.html]
[rubick-html.vercel.app/simple-menu-light-notification.html]
[rubick-html.vercel.app/simple-menu-light-tab.html]
[rubick-html.vercel.app/simple-menu-light-accordion.html]
[rubick-html.vercel.app/simple-menu-light-button.html]
[rubick-html.vercel.app/simple-menu-light-alert.html]
[rubick-html.vercel.app/simple-menu-light-progress-bar.html]
[rubick-html.vercel.app/simple-menu-light-tooltip.html]
[rubick-html.vercel.app/simple-menu-light-dropdown.html]
[rubick-html.vercel.app/simple-menu-light-typography.html]
[rubick-html.vercel.app/simple-menu-light-icon.html]
[rubick-html.vercel.app/simple-menu-light-regular-form.html]
[rubick-html.vercel.app/simple-menu-light-datepicker.html]
[rubick-html.vercel.app/simple-menu-light-tom-select.html]
[rubick-html.vercel.app/simple-menu-light-file-upload.html]
[rubick-html.vercel.app/simple-menu-light-wysiwyg-editor-classic.html]
[rubick-html.vercel.app/simple-menu-light-wysiwyg-editor-inline.html]
[rubick-html.vercel.app/simple-menu-light-wysiwyg-editor-balloon.html]
[rubick-html.vercel.app/simple-menu-light-wysiwyg-editor-balloon-block.html]
[rubick-html.vercel.app/simple-menu-light-wysiwyg-editor-document.html]
[rubick-html.vercel.app/simple-menu-light-validation.html]
[rubick-html.vercel.app/simple-menu-light-chart.html]
[rubick-html.vercel.app/simple-menu-light-slider.html]
[rubick-html.vercel.app/simple-menu-light-image-zoom.html]
[rubick-html.vercel.app/simple-menu-light-dashboard-overview-1.html]
[rubick-html.vercel.app/dist/images/profile-8.jpg]
[rubick-html.vercel.app/top-menu-light-dashboard-overview-2.html]
[rubick-html.vercel.app/top-menu-light-dashboard-overview-3.html]
[rubick-html.vercel.app/top-menu-light-dashboard-overview-4.html]
[rubick-html.vercel.app/top-menu-light-users-layout-1.html]
[rubick-html.vercel.app/top-menu-light-users-layout-2.html]
[rubick-html.vercel.app/top-menu-light-users-layout-3.html]
[rubick-html.vercel.app/top-menu-light-profile-overview-1.html]
[rubick-html.vercel.app/top-menu-light-profile-overview-2.html]
[rubick-html.vercel.app/top-menu-light-profile-overview-3.html]
[rubick-html.vercel.app/top-menu-light-categories.html]
[rubick-html.vercel.app/top-menu-light-add-product.html]
[rubick-html.vercel.app/top-menu-light-product-list.html]
[rubick-html.vercel.app/top-menu-light-product-grid.html]
[rubick-html.vercel.app/top-menu-light-transaction-list.html]
[rubick-html.vercel.app/top-menu-light-transaction-detail.html]
[rubick-html.vercel.app/top-menu-light-seller-list.html]
[rubick-html.vercel.app/top-menu-light-seller-detail.html]
[rubick-html.vercel.app/top-menu-light-reviews.html]
[rubick-html.vercel.app/top-menu-light-inbox.html]
[rubick-html.vercel.app/top-menu-light-file-manager.html]
[rubick-html.vercel.app/top-menu-light-point-of-sale.html]
[rubick-html.vercel.app/top-menu-light-chat.html]
[rubick-html.vercel.app/top-menu-light-post.html]
[rubick-html.vercel.app/top-menu-light-calendar.html]
[rubick-html.vercel.app/top-menu-light-wizard-layout-1.html]
[rubick-html.vercel.app/top-menu-light-wizard-layout-2.html]
[rubick-html.vercel.app/top-menu-light-wizard-layout-3.html]
[rubick-html.vercel.app/top-menu-light-blog-layout-1.html]
[rubick-html.vercel.app/top-menu-light-blog-layout-2.html]
[rubick-html.vercel.app/top-menu-light-blog-layout-3.html]
[rubick-html.vercel.app/top-menu-light-pricing-layout-1.html]
[rubick-html.vercel.app/top-menu-light-pricing-layout-2.html]
[rubick-html.vercel.app/top-menu-light-invoice-layout-1.html]
[rubick-html.vercel.app/top-menu-light-invoice-layout-2.html]
[rubick-html.vercel.app/top-menu-light-faq-layout-1.html]
[rubick-html.vercel.app/top-menu-light-faq-layout-2.html]
[rubick-html.vercel.app/top-menu-light-faq-layout-3.html]
[rubick-html.vercel.app/top-menu-light-update-profile.html]
[rubick-html.vercel.app/top-menu-light-change-password.html]
[rubick-html.vercel.app/top-menu-light-regular-table.html]
[rubick-html.vercel.app/top-menu-light-tabulator.html]
[rubick-html.vercel.app/top-menu-light-modal.html]
[rubick-html.vercel.app/top-menu-light-slide-over.html]
[rubick-html.vercel.app/top-menu-light-notification.html]
[rubick-html.vercel.app/top-menu-light-tab.html]
[rubick-html.vercel.app/top-menu-light-accordion.html]
[rubick-html.vercel.app/top-menu-light-button.html]
[rubick-html.vercel.app/top-menu-light-alert.html]
[rubick-html.vercel.app/top-menu-light-progress-bar.html]
[rubick-html.vercel.app/top-menu-light-tooltip.html]
[rubick-html.vercel.app/top-menu-light-dropdown.html]
[rubick-html.vercel.app/top-menu-light-typography.html]
[rubick-html.vercel.app/top-menu-light-icon.html]
[rubick-html.vercel.app/top-menu-light-regular-form.html]
[rubick-html.vercel.app/top-menu-light-datepicker.html]
[rubick-html.vercel.app/top-menu-light-tom-select.html]
[rubick-html.vercel.app/top-menu-light-file-upload.html]
[rubick-html.vercel.app/top-menu-light-wysiwyg-editor-classic.html]
[rubick-html.vercel.app/top-menu-light-wysiwyg-editor-inline.html]
[rubick-html.vercel.app/top-menu-light-wysiwyg-editor-balloon.html]
[rubick-html.vercel.app/top-menu-light-wysiwyg-editor-balloon-block.html]
[rubick-html.vercel.app/top-menu-light-wysiwyg-editor-document.html]
[rubick-html.vercel.app/top-menu-light-validation.html]
[rubick-html.vercel.app/top-menu-light-chart.html]
[rubick-html.vercel.app/top-menu-light-slider.html]
[rubick-html.vercel.app/top-menu-light-dashboard-overview-1.html]
[rubick-html.vercel.app/side-menu-light-categories.html]
[rubick-html.vercel.app/top-menu-light-image-zoom.html]
[rubick-html.vercel.app/side-menu-light-add-product.html]
[rubick-html.vercel.app/side-menu-light-product-list.html]
[rubick-html.vercel.app/side-menu-light-product-grid.html]
[rubick-html.vercel.app/side-menu-light-transaction-list.html]
[rubick-html.vercel.app/side-menu-light-transaction-detail.html]
[rubick-html.vercel.app/side-menu-light-seller-list.html]
[rubick-html.vercel.app/side-menu-light-seller-detail.html]
[rubick-html.vercel.app/side-menu-light-reviews.html]
[rubick-html.vercel.app/side-menu-light-inbox.html]
[rubick-html.vercel.app/side-menu-light-file-manager.html]
[rubick-html.vercel.app/dist/js/ckeditor-classic.js]
[rubick-html.vercel.app/dist/images/food-beverage-4.jpg]
[rubick-html.vercel.app/dist/images/food-beverage-10.jpg]
[rubick-html.vercel.app/dist/images/food-beverage-15.jpg]
[rubick-html.vercel.app/dist/images/food-beverage-3.jpg]
[rubick-html.vercel.app/dist/images/food-beverage-6.jpg]
[rubick-html.vercel.app/dist/images/food-beverage-16.jpg]
[rubick-html.vercel.app/dist/images/food-beverage-7.jpg]
[rubick-html.vercel.app/side-menu-light-point-of-sale.html]
[rubick-html.vercel.app/side-menu-light-chat.html]
[rubick-html.vercel.app/side-menu-light-post.html]
[rubick-html.vercel.app/side-menu-light-calendar.html]
[rubick-html.vercel.app/side-menu-light-crud-data-list.html]
[rubick-html.vercel.app/side-menu-light-crud-form.html]
[rubick-html.vercel.app/side-menu-light-users-layout-1.html]
[rubick-html.vercel.app/side-menu-light-users-layout-2.html]
[rubick-html.vercel.app/side-menu-light-users-layout-3.html]
[rubick-html.vercel.app/side-menu-light-profile-overview-1.html]
[rubick-html.vercel.app/side-menu-light-profile-overview-2.html]
[rubick-html.vercel.app/side-menu-light-profile-overview-3.html]
[rubick-html.vercel.app/side-menu-light-wizard-layout-1.html]
[rubick-html.vercel.app/side-menu-light-wizard-layout-2.html]
[rubick-html.vercel.app/side-menu-light-wizard-layout-3.html]
[rubick-html.vercel.app/side-menu-light-blog-layout-1.html]
[rubick-html.vercel.app/side-menu-light-blog-layout-2.html]
[rubick-html.vercel.app/side-menu-light-blog-layout-3.html]
[rubick-html.vercel.app/side-menu-light-pricing-layout-1.html]
[rubick-html.vercel.app/side-menu-light-pricing-layout-2.html]
[rubick-html.vercel.app/side-menu-light-invoice-layout-1.html]
[rubick-html.vercel.app/side-menu-light-invoice-layout-2.html]
[rubick-html.vercel.app/side-menu-light-faq-layout-1.html]
[rubick-html.vercel.app/side-menu-light-faq-layout-2.html]
[rubick-html.vercel.app/side-menu-light-faq-layout-3.html]
[rubick-html.vercel.app/login-light-login.html]
[rubick-html.vercel.app/login-light-register.html]
[rubick-html.vercel.app/dist/images/illustration.svg]
[rubick-html.vercel.app/main-light-error-page.html]
[rubick-html.vercel.app/side-menu-light-update-profile.html]
[rubick-html.vercel.app/side-menu-light-change-password.html]
[rubick-html.vercel.app/side-menu-light-regular-table.html]
[rubick-html.vercel.app/side-menu-light-tabulator.html]
[rubick-html.vercel.app/dist/images/error-illustration.svg]
[rubick-html.vercel.app/side-menu-light-modal.html]
[rubick-html.vercel.app/side-menu-light-slide-over.html]
[rubick-html.vercel.app/side-menu-light-notification.html]
[rubick-html.vercel.app/side-menu-light-tab.html]
[rubick-html.vercel.app/side-menu-light-accordion.html]
[rubick-html.vercel.app/side-menu-light-button.html]
[rubick-html.vercel.app/side-menu-light-alert.html]
[rubick-html.vercel.app/side-menu-light-progress-bar.html]
[rubick-html.vercel.app/side-menu-light-tooltip.html]
[rubick-html.vercel.app/side-menu-light-dropdown.html]
[rubick-html.vercel.app/side-menu-light-typography.html]
[rubick-html.vercel.app/side-menu-light-icon.html]
[rubick-html.vercel.app/side-menu-light-loading-icon.html]
[rubick-html.vercel.app/side-menu-light-regular-form.html]
[rubick-html.vercel.app/side-menu-light-datepicker.html]
[rubick-html.vercel.app/side-menu-light-tom-select.html]
[rubick-html.vercel.app/side-menu-light-file-upload.html]
[rubick-html.vercel.app/side-menu-light-wysiwyg-editor-classic.html]
[rubick-html.vercel.app/side-menu-light-wysiwyg-editor-inline.html]
[rubick-html.vercel.app/dist/js/ckeditor-inline.js]
[rubick-html.vercel.app/side-menu-light-wysiwyg-editor-balloon.html]
[rubick-html.vercel.app/dist/js/ckeditor-balloon.js]
[rubick-html.vercel.app/side-menu-light-wysiwyg-editor-balloon-block.html]
[rubick-html.vercel.app/dist/js/ckeditor-balloon-block.js]
[rubick-html.vercel.app/side-menu-light-wysiwyg-editor-document.html]
[rubick-html.vercel.app/side-menu-light-validation.html]
[rubick-html.vercel.app/side-menu-light-chart.html]
[rubick-html.vercel.app/side-menu-light-slider.html]
[rubick-html.vercel.app/side-menu-light-image-zoom.html]
[rubick-html.vercel.app/dist/css/images/layers.html]
[rubick-html.vercel.app/dist/css/images/layers-2x.html]
[rubick-html.vercel.app/dist/css/images/marker-icon.html]
[rubick-html.vercel.app/dist/images/woman-illustration.svg]
[rubick-html.vercel.app/dist/images/phone-illustration.svg]
[rubick-html.vercel.app/simple-menu-light-dashboard-overview-2.html]
[rubick-html.vercel.app/simple-menu-light-dashboard-overview-3.html]
[rubick-html.vercel.app/simple-menu-light-dashboard-overview-4.html]
[rubick-html.vercel.app/simple-menu-light-categories.html]
[rubick-html.vercel.app/simple-menu-light-add-product.html]
[rubick-html.vercel.app/simple-menu-light-product-list.html]
[rubick-html.vercel.app/simple-menu-light-product-grid.html]
[rubick-html.vercel.app/simple-menu-light-transaction-list.html]
[rubick-html.vercel.app/simple-menu-light-transaction-detail.html]
[rubick-html.vercel.app/simple-menu-light-seller-list.html]
[rubick-html.vercel.app/simple-menu-light-seller-detail.html]
[rubick-html.vercel.app/simple-menu-light-reviews.html]
[rubick-html.vercel.app/simple-menu-light-inbox.html]
[rubick-html.vercel.app/simple-menu-light-file-manager.html]
[rubick-html.vercel.app/dist/js/ckeditor-document.js]
[rubick-html.vercel.app/dist/images/food-beverage-9.jpg]
[rubick-html.vercel.app/dist/images/food-beverage-13.jpg]
[rubick-html.vercel.app/dist/images/food-beverage-11.jpg]
[rubick-html.vercel.app/simple-menu-light-point-of-sale.html]
[rubick-html.vercel.app/dist/images/food-beverage-17.jpg]
[rubick-html.vercel.app/simple-menu-light-chat.html]
[rubick-html.vercel.app/simple-menu-light-post.html]
[rubick-html.vercel.app/simple-menu-light-calendar.html]
[rubick-html.vercel.app/simple-menu-light-users-layout-1.html]
[rubick-html.vercel.app/simple-menu-light-users-layout-2.html]
[rubick-html.vercel.app/simple-menu-light-users-layout-3.html]
[rubick-html.vercel.app/simple-menu-light-profile-overview-1.html]
[rubick-html.vercel.app/simple-menu-light-profile-overview-2.html]
[rubick-html.vercel.app/simple-menu-light-profile-overview-3.html]
[rubick-html.vercel.app/simple-menu-light-wizard-layout-1.html]
[rubick-html.vercel.app/simple-menu-light-wizard-layout-2.html]
[rubick-html.vercel.app/simple-menu-light-wizard-layout-3.html]
[rubick-html.vercel.app/simple-menu-light-blog-layout-1.html]
[rubick-html.vercel.app/simple-menu-light-blog-layout-2.html]
[rubick-html.vercel.app/simple-menu-light-blog-layout-3.html]
[rubick-html.vercel.app/simple-menu-light-pricing-layout-1.html]
[rubick-html.vercel.app/simple-menu-light-pricing-layout-2.html]
[rubick-html.vercel.app/simple-menu-light-invoice-layout-1.html]
[rubick-html.vercel.app/simple-menu-light-invoice-layout-2.html]
[rubick-html.vercel.app/simple-menu-light-faq-layout-1.html]
[rubick-html.vercel.app/simple-menu-light-faq-layout-2.html]
[rubick-html.vercel.app/simple-menu-light-faq-layout-3.html]
[rubick-html.vercel.app/simple-menu-light-update-profile.html]
[rubick-html.vercel.app/simple-menu-light-change-password.html]
[rubick-html.vercel.app/simple-menu-light-regular-table.html]
[rubick-html.vercel.app/simple-menu-light-tabulator.html]
[rubick-html.vercel.app/simple-menu-light-modal.html]
[rubick-html.vercel.app/simple-menu-light-slide-over.html]
[rubick-html.vercel.app/simple-menu-light-notification.html]
[rubick-html.vercel.app/simple-menu-light-tab.html]
[rubick-html.vercel.app/simple-menu-light-accordion.html]
[rubick-html.vercel.app/simple-menu-light-button.html]
[rubick-html.vercel.app/simple-menu-light-alert.html]
[rubick-html.vercel.app/simple-menu-light-progress-bar.html]
[rubick-html.vercel.app/simple-menu-light-tooltip.html]
[rubick-html.vercel.app/simple-menu-light-dropdown.html]
[rubick-html.vercel.app/simple-menu-light-typography.html]
[rubick-html.vercel.app/simple-menu-light-icon.html]
[rubick-html.vercel.app/simple-menu-light-regular-form.html]
[rubick-html.vercel.app/simple-menu-light-datepicker.html]
[rubick-html.vercel.app/simple-menu-light-tom-select.html]
[rubick-html.vercel.app/simple-menu-light-file-upload.html]
[rubick-html.vercel.app/simple-menu-light-wysiwyg-editor-classic.html]
[rubick-html.vercel.app/simple-menu-light-wysiwyg-editor-inline.html]
[rubick-html.vercel.app/simple-menu-light-wysiwyg-editor-balloon.html]
[rubick-html.vercel.app/simple-menu-light-wysiwyg-editor-balloon-block.html]
[rubick-html.vercel.app/simple-menu-light-wysiwyg-editor-document.html]
[rubick-html.vercel.app/simple-menu-light-validation.html]
[rubick-html.vercel.app/simple-menu-light-chart.html]
[rubick-html.vercel.app/simple-menu-light-slider.html]
[rubick-html.vercel.app/simple-menu-light-image-zoom.html]
[rubick-html.vercel.app/top-menu-light-dashboard-overview-2.html]
[rubick-html.vercel.app/top-menu-light-dashboard-overview-3.html]
[rubick-html.vercel.app/top-menu-light-dashboard-overview-4.html]
[rubick-html.vercel.app/top-menu-light-users-layout-1.html]
[rubick-html.vercel.app/top-menu-light-users-layout-2.html]
[rubick-html.vercel.app/top-menu-light-users-layout-3.html]
[rubick-html.vercel.app/top-menu-light-profile-overview-1.html]
[rubick-html.vercel.app/top-menu-light-profile-overview-2.html]
[rubick-html.vercel.app/top-menu-light-profile-overview-3.html]
[rubick-html.vercel.app/top-menu-light-categories.html]
[rubick-html.vercel.app/top-menu-light-add-product.html]
[rubick-html.vercel.app/top-menu-light-product-list.html]
[rubick-html.vercel.app/top-menu-light-product-grid.html]
[rubick-html.vercel.app/top-menu-light-transaction-list.html]
[rubick-html.vercel.app/top-menu-light-transaction-detail.html]
[rubick-html.vercel.app/top-menu-light-seller-list.html]
[rubick-html.vercel.app/top-menu-light-seller-detail.html]
[rubick-html.vercel.app/top-menu-light-reviews.html]
[rubick-html.vercel.app/top-menu-light-inbox.html]
[rubick-html.vercel.app/top-menu-light-file-manager.html]
[rubick-html.vercel.app/dist/images/food-beverage-1.jpg]
[rubick-html.vercel.app/top-menu-light-point-of-sale.html]
[rubick-html.vercel.app/top-menu-light-chat.html]
[rubick-html.vercel.app/top-menu-light-post.html]
[rubick-html.vercel.app/top-menu-light-calendar.html]
[rubick-html.vercel.app/top-menu-light-wizard-layout-1.html]
[rubick-html.vercel.app/top-menu-light-wizard-layout-2.html]
[rubick-html.vercel.app/top-menu-light-wizard-layout-3.html]
[rubick-html.vercel.app/top-menu-light-blog-layout-1.html]
[rubick-html.vercel.app/top-menu-light-blog-layout-2.html]
[rubick-html.vercel.app/top-menu-light-blog-layout-3.html]
[rubick-html.vercel.app/top-menu-light-pricing-layout-1.html]
[rubick-html.vercel.app/top-menu-light-pricing-layout-2.html]
[rubick-html.vercel.app/top-menu-light-invoice-layout-1.html]
[rubick-html.vercel.app/top-menu-light-invoice-layout-2.html]
[rubick-html.vercel.app/top-menu-light-faq-layout-1.html]
[rubick-html.vercel.app/top-menu-light-faq-layout-2.html]
[rubick-html.vercel.app/top-menu-light-faq-layout-3.html]
[rubick-html.vercel.app/top-menu-light-update-profile.html]
[rubick-html.vercel.app/top-menu-light-change-password.html]
[rubick-html.vercel.app/top-menu-light-regular-table.html]
[rubick-html.vercel.app/top-menu-light-tabulator.html]
[rubick-html.vercel.app/top-menu-light-modal.html]
[rubick-html.vercel.app/top-menu-light-slide-over.html]
[rubick-html.vercel.app/top-menu-light-notification.html]
[rubick-html.vercel.app/top-menu-light-tab.html]
[rubick-html.vercel.app/top-menu-light-accordion.html]
[rubick-html.vercel.app/top-menu-light-button.html]
[rubick-html.vercel.app/top-menu-light-alert.html]
[rubick-html.vercel.app/top-menu-light-progress-bar.html]
[rubick-html.vercel.app/top-menu-light-tooltip.html]
[rubick-html.vercel.app/top-menu-light-dropdown.html]
[rubick-html.vercel.app/top-menu-light-typography.html]
[rubick-html.vercel.app/top-menu-light-icon.html]
[rubick-html.vercel.app/top-menu-light-regular-form.html]
[rubick-html.vercel.app/top-menu-light-datepicker.html]
[rubick-html.vercel.app/top-menu-light-tom-select.html]
[rubick-html.vercel.app/top-menu-light-file-upload.html]
[rubick-html.vercel.app/top-menu-light-wysiwyg-editor-classic.html]
[rubick-html.vercel.app/top-menu-light-wysiwyg-editor-inline.html]
[rubick-html.vercel.app/top-menu-light-wysiwyg-editor-balloon.html]
[rubick-html.vercel.app/top-menu-light-wysiwyg-editor-balloon-block.html]
[rubick-html.vercel.app/top-menu-light-wysiwyg-editor-document.html]
[rubick-html.vercel.app/top-menu-light-validation.html]
[rubick-html.vercel.app/top-menu-light-chart.html]
[rubick-html.vercel.app/top-menu-light-slider.html]
[rubick-html.vercel.app/top-menu-light-image-zoom.html]
[rubick-html.vercel.app/dist/images/illustration.svg]
[rubick-html.vercel.app/dist/images/error-illustration.svg]
