[themegenix.net/html/zaira/index.html]
[backblue.gif]
[fade.gif]
[index.html]
[themegenix.net/html/zaira/assets/img/favicon.png]
[themegenix.net/html/zaira/assets/css/bootstrap.min.css]
[themegenix.net/html/zaira/assets/css/animate.min.css]
[themegenix.net/html/zaira/assets/css/magnific-popup.css]
[themegenix.net/html/zaira/assets/css/fontawesome-all.min.css]
[themegenix.net/html/zaira/assets/css/flaticon.css]
[themegenix.net/html/zaira/assets/css/slick.css]
[themegenix.net/html/zaira/assets/css/swiper-bundle.css]
[themegenix.net/html/zaira/assets/css/default.css]
[themegenix.net/html/zaira/assets/css/style.css]
[themegenix.net/html/zaira/assets/css/responsive.css]
[themegenix.net/html/zaira/contact.html]
[themegenix.net/html/zaira/about.html]
[themegenix.net/html/zaira/blog.html]
[themegenix.net/html/zaira/index-2.html]
[themegenix.net/html/zaira/index-3.html]
[themegenix.net/html/zaira/index-4.html]
[themegenix.net/html/zaira/index-5.html]
[themegenix.net/html/zaira/index-6.html]
[themegenix.net/html/zaira/blog-details.html]
[themegenix.net/html/zaira/blog-details-two.html]
[themegenix.net/html/zaira/author.html]
[themegenix.net/html/zaira/blog-2.html]
[themegenix.net/html/zaira/blog-3.html]
[themegenix.net/html/zaira/assets/img/logo/logo.png]
[themegenix.net/html/zaira/assets/img/logo/w_logo.png]
[themegenix.net/html/zaira/assets/img/blog/hr_post01.jpg]
[themegenix.net/html/zaira/assets/img/blog/hr_post02.jpg]
[themegenix.net/html/zaira/assets/img/blog/hr_post03.jpg]
[themegenix.net/html/zaira/assets/img/blog/hr_post04.jpg]
[themegenix.net/html/zaira/assets/img/blog/hr_post05.jpg]
[themegenix.net/html/zaira/assets/img/blog/hr_post06.jpg]
[themegenix.net/html/zaira/assets/img/blog/featured_post01.jpg]
[themegenix.net/html/zaira/assets/img/blog/featured_post02.jpg]
[themegenix.net/html/zaira/assets/img/blog/featured_post03.jpg]
[themegenix.net/html/zaira/assets/img/blog/featured_post04.jpg]
[themegenix.net/html/zaira/assets/img/images/newsletter_shape01.png]
[themegenix.net/html/zaira/assets/img/images/newsletter_shape02.png]
[themegenix.net/html/zaira/assets/img/blog/latest_post01.jpg]
[themegenix.net/html/zaira/assets/img/blog/latest_post02.jpg]
[themegenix.net/html/zaira/assets/img/blog/latest_post03.jpg]
[themegenix.net/html/zaira/assets/img/images/avatar_img.png]
[themegenix.net/html/zaira/assets/img/images/avatar_shape01.png]
[themegenix.net/html/zaira/assets/img/images/avatar_shape02.png]
[themegenix.net/html/zaira/assets/img/images/categories_img01.png]
[themegenix.net/html/zaira/assets/img/images/categories_img02.png]
[themegenix.net/html/zaira/assets/img/images/categories_img03.png]
[themegenix.net/html/zaira/assets/img/images/categories_img04.png]
[themegenix.net/html/zaira/assets/img/images/categories_img05.png]
[themegenix.net/html/zaira/assets/img/images/categories_img06.png]
[themegenix.net/html/zaira/assets/img/images/categories_shape01.png]
[themegenix.net/html/zaira/assets/img/images/categories_shape02.png]
[themegenix.net/html/zaira/assets/img/blog/recipe_img01.jpg]
[themegenix.net/html/zaira/assets/img/blog/recipe_img02.jpg]
[themegenix.net/html/zaira/assets/img/blog/recipe_img03.jpg]
[themegenix.net/html/zaira/assets/img/blog/recipe_img04.jpg]
[themegenix.net/html/zaira/assets/img/images/advertisement01.jpg]
[themegenix.net/html/zaira/assets/img/blog/popular_post01.jpg]
[themegenix.net/html/zaira/assets/img/blog/popular_post02.jpg]
[themegenix.net/html/zaira/assets/img/blog/popular_post03.jpg]
[themegenix.net/html/zaira/assets/img/blog/popular_post04.jpg]
[themegenix.net/html/zaira/assets/img/blog/popular_post05.jpg]
[themegenix.net/html/zaira/assets/img/images/advertisement02.jpg]
[themegenix.net/html/zaira/assets/img/images/footer_shape.png]
[themegenix.net/html/zaira/assets/js/vendor/jquery-3.6.0.min.js]
[themegenix.net/html/zaira/assets/js/bootstrap.min.js]
[themegenix.net/html/zaira/assets/js/jquery.magnific-popup.min.js]
[themegenix.net/html/zaira/assets/js/slick.min.js]
[themegenix.net/html/zaira/assets/js/swiper-bundle.js]
[themegenix.net/html/zaira/assets/js/ajax-form.js]
[themegenix.net/html/zaira/assets/js/wow.min.js]
[themegenix.net/html/zaira/assets/js/main.js]
[themegenix.net/html/zaira/index.html]
[themegenix.net/html/zaira/assets/css/bootstrap.min.css]
[themegenix.net/html/zaira/assets/css/animate.min.css]
[themegenix.net/html/zaira/assets/css/magnific-popup.css]
[themegenix.net/html/zaira/assets/fonts/fa-brands-400.eot]
[themegenix.net/html/zaira/assets/fonts/fa-brands-400d41d.eot]
[themegenix.net/html/zaira/assets/fonts/fa-brands-400.woff2]
[themegenix.net/html/zaira/assets/fonts/fa-brands-400.woff]
[themegenix.net/html/zaira/assets/fonts/fa-brands-400.ttf]
[themegenix.net/html/zaira/assets/fonts/fa-regular-400.eot]
[themegenix.net/html/zaira/assets/fonts/fa-brands-400.svg]
[themegenix.net/html/zaira/assets/fonts/fa-regular-400d41d.eot]
[themegenix.net/html/zaira/assets/fonts/fa-regular-400.woff2]
[themegenix.net/html/zaira/assets/fonts/fa-regular-400.woff]
[themegenix.net/html/zaira/assets/fonts/fa-regular-400.ttf]
[themegenix.net/html/zaira/assets/fonts/fa-regular-400.svg]
[themegenix.net/html/zaira/assets/fonts/fa-solid-900.eot]
[themegenix.net/html/zaira/assets/fonts/fa-solid-900d41d.eot]
[themegenix.net/html/zaira/assets/fonts/fa-solid-900.woff2]
[themegenix.net/html/zaira/assets/fonts/fa-solid-900.woff]
[themegenix.net/html/zaira/assets/fonts/fa-solid-900.ttf]
[themegenix.net/html/zaira/assets/css/fontawesome-all.min.css]
[themegenix.net/html/zaira/assets/fonts/fa-solid-900.svg]
[themegenix.net/html/zaira/assets/fonts/flaticon.eot]
[themegenix.net/html/zaira/assets/fonts/flaticond41d.eot]
[themegenix.net/html/zaira/assets/fonts/flaticon.woff2]
[themegenix.net/html/zaira/assets/fonts/flaticon.woff]
[themegenix.net/html/zaira/assets/fonts/flaticon.ttf]
[themegenix.net/html/zaira/assets/css/flaticon.css]
[themegenix.net/html/zaira/assets/fonts/flaticon.svg]
[themegenix.net/html/zaira/assets/css/slick.css]
[themegenix.net/html/zaira/assets/css/swiper-bundle.css]
[themegenix.net/html/zaira/assets/css/default.css]
[themegenix.net/html/zaira/assets/css/style.css]
[themegenix.net/html/zaira/assets/css/responsive.css]
[themegenix.net/html/zaira/assets/img/icon/contact_icon01.svg]
[themegenix.net/html/zaira/assets/img/icon/contact_icon02.svg]
[themegenix.net/html/zaira/assets/img/icon/contact_icon03.svg]
[themegenix.net/html/zaira/assets/img/images/contact_img.jpg]
[themegenix.net/html/zaira/contact.html]
[themegenix.net/html/zaira/assets/img/images/about_img01.jpg]
[themegenix.net/html/zaira/assets/img/images/about_img02.jpg]
[themegenix.net/html/zaira/assets/img/images/about_img03.jpg]
[themegenix.net/html/zaira/assets/img/images/about_shape.png]
[themegenix.net/html/zaira/assets/img/images/team_img01.jpg]
[themegenix.net/html/zaira/assets/img/images/team_img02.jpg]
[themegenix.net/html/zaira/assets/img/images/team_img03.jpg]
[themegenix.net/html/zaira/assets/img/images/team_img04.jpg]
[themegenix.net/html/zaira/about.html]
[themegenix.net/html/zaira/assets/img/blog/blog_post01.jpg]
[themegenix.net/html/zaira/assets/img/blog/blog_post02.jpg]
[themegenix.net/html/zaira/assets/img/blog/blog_post03.jpg]
[themegenix.net/html/zaira/assets/img/blog/blog_post04.jpg]
[themegenix.net/html/zaira/assets/img/blog/blog_post05.jpg]
[themegenix.net/html/zaira/assets/img/blog/blog_post06.jpg]
[themegenix.net/html/zaira/assets/img/images/t_cat_img01.jpg]
[themegenix.net/html/zaira/assets/img/images/t_cat_img02.jpg]
[themegenix.net/html/zaira/assets/img/images/t_cat_img03.jpg]
[themegenix.net/html/zaira/assets/img/images/t_cat_img04.jpg]
[themegenix.net/html/zaira/assets/img/blog/blog_rc_post.jpg]
[themegenix.net/html/zaira/blog.html]
[themegenix.net/html/zaira/assets/img/blog/g_banner_post01.jpg]
[themegenix.net/html/zaira/assets/img/blog/g_banner_post02.jpg]
[themegenix.net/html/zaira/assets/img/images/g_categories_img01.png]
[themegenix.net/html/zaira/assets/img/images/g_categories_img02.png]
[themegenix.net/html/zaira/assets/img/images/g_categories_img03.png]
[themegenix.net/html/zaira/assets/img/images/g_categories_img04.png]
[themegenix.net/html/zaira/assets/img/images/g_categories_img05.png]
[themegenix.net/html/zaira/assets/img/images/g_categories_img06.png]
[themegenix.net/html/zaira/assets/img/images/advertisement03.jpg]
[themegenix.net/html/zaira/assets/img/blog/spotlight_post01.jpg]
[themegenix.net/html/zaira/assets/img/blog/spotlight_post02.jpg]
[themegenix.net/html/zaira/assets/img/blog/spotlight_post03.jpg]
[themegenix.net/html/zaira/assets/img/blog/spotlight_post04.jpg]
[themegenix.net/html/zaira/assets/img/blog/g_popular_post01.jpg]
[themegenix.net/html/zaira/assets/img/blog/g_popular_post02.jpg]
[themegenix.net/html/zaira/assets/img/blog/g_popular_post03.jpg]
[themegenix.net/html/zaira/assets/img/blog/g_popular_post04.jpg]
[themegenix.net/html/zaira/assets/img/blog/g_popular_post05.jpg]
[themegenix.net/html/zaira/assets/img/blog/rc_post01.jpg]
[themegenix.net/html/zaira/assets/img/blog/rc_post02.jpg]
[themegenix.net/html/zaira/assets/img/blog/rc_post03.jpg]
[themegenix.net/html/zaira/assets/img/blog/rc_post04.jpg]
[themegenix.net/html/zaira/assets/img/blog/rc_post05.jpg]
[themegenix.net/html/zaira/assets/img/images/advertisement04.jpg]
[themegenix.net/html/zaira/assets/img/bg/video_post_bg.jpg]
[themegenix.net/html/zaira/assets/img/blog/video_post01.jpg]
[themegenix.net/html/zaira/assets/img/blog/video_post02.jpg]
[themegenix.net/html/zaira/assets/img/blog/video_post03.jpg]
[themegenix.net/html/zaira/assets/img/blog/video_post04.jpg]
[themegenix.net/html/zaira/assets/img/blog/weekly_post01.jpg]
[themegenix.net/html/zaira/assets/img/blog/weekly_post02.jpg]
[themegenix.net/html/zaira/assets/img/blog/weekly_post03.jpg]
[themegenix.net/html/zaira/assets/img/blog/weekly_post04.jpg]
[themegenix.net/html/zaira/assets/img/blog/g_hot_post.jpg]
[themegenix.net/html/zaira/index-2.html]
[themegenix.net/html/zaira/assets/img/images/sidebar_img01.jpg]
[themegenix.net/html/zaira/assets/img/blog/t_banner_post01.jpg]
[themegenix.net/html/zaira/assets/img/blog/t_banner_post02.jpg]
[themegenix.net/html/zaira/assets/img/blog/t_banner_post03.jpg]
[themegenix.net/html/zaira/assets/img/blog/t_banner_post04.jpg]
[themegenix.net/html/zaira/assets/img/images/advertisement05.jpg]
[themegenix.net/html/zaira/assets/img/blog/editor_img01.jpg]
[themegenix.net/html/zaira/assets/img/blog/editor_img02.jpg]
[themegenix.net/html/zaira/assets/img/blog/editor_img03.jpg]
[themegenix.net/html/zaira/assets/img/blog/recent_post01.jpg]
[themegenix.net/html/zaira/assets/img/blog/recent_post02.jpg]
[themegenix.net/html/zaira/assets/img/blog/recent_post03.jpg]
[themegenix.net/html/zaira/assets/img/blog/recent_post04.jpg]
[themegenix.net/html/zaira/assets/img/images/advertisement06.jpg]
[themegenix.net/html/zaira/assets/img/blog/trending_post01.jpg]
[themegenix.net/html/zaira/assets/img/blog/trending_post02.jpg]
[themegenix.net/html/zaira/assets/img/blog/trending_post03.jpg]
[themegenix.net/html/zaira/assets/img/blog/trending_post04.jpg]
[themegenix.net/html/zaira/assets/img/blog/t_popular_post01.jpg]
[themegenix.net/html/zaira/assets/img/blog/t_popular_post02.jpg]
[themegenix.net/html/zaira/assets/img/blog/t_popular_post03.jpg]
[themegenix.net/html/zaira/assets/img/images/advertisement07.jpg]
[themegenix.net/html/zaira/assets/img/blog/t_overlay_post01.jpg]
[themegenix.net/html/zaira/assets/img/blog/t_overlay_post02.jpg]
[themegenix.net/html/zaira/assets/img/blog/t_overlay_post03.jpg]
[themegenix.net/html/zaira/assets/img/blog/t_overlay_post04.jpg]
[themegenix.net/html/zaira/assets/img/blog/t_weekly_post01.jpg]
[themegenix.net/html/zaira/assets/img/blog/t_weekly_post02.jpg]
[themegenix.net/html/zaira/assets/img/blog/t_weekly_post03.jpg]
[themegenix.net/html/zaira/assets/img/blog/t_weekly_post04.jpg]
[themegenix.net/html/zaira/assets/img/images/sidebar_img02.jpg]
[themegenix.net/html/zaira/assets/img/blog/so_post01.jpg]
[themegenix.net/html/zaira/assets/img/blog/t_popular_post04.jpg]
[themegenix.net/html/zaira/assets/img/blog/t_popular_post05.jpg]
[themegenix.net/html/zaira/index-3.html]
[themegenix.net/html/zaira/assets/img/blog/t_popular_post06.jpg]
[themegenix.net/html/zaira/assets/img/blog/tr_banner_post.jpg]
[themegenix.net/html/zaira/assets/img/blog/tr_editor_img01.jpg]
[themegenix.net/html/zaira/assets/img/blog/tr_editor_img02.jpg]
[themegenix.net/html/zaira/assets/img/blog/tr_editor_img03.jpg]
[themegenix.net/html/zaira/assets/img/images/advertisement08.jpg]
[themegenix.net/html/zaira/assets/img/blog/tr_latest_post02.jpg]
[themegenix.net/html/zaira/assets/img/blog/tr_latest_post03.jpg]
[themegenix.net/html/zaira/assets/img/blog/tr_latest_post01.jpg]
[themegenix.net/html/zaira/assets/img/images/avatar_img02.png]
[themegenix.net/html/zaira/assets/img/blog/tr_overlay_post01.jpg]
[themegenix.net/html/zaira/assets/img/blog/tr_overlay_post02.jpg]
[themegenix.net/html/zaira/assets/img/blog/tr_overlay_post03.jpg]
[themegenix.net/html/zaira/assets/img/blog/tr_overlay_post04.jpg]
[themegenix.net/html/zaira/assets/img/images/trending_shape01.png]
[themegenix.net/html/zaira/assets/img/images/trending_shape02.png]
[themegenix.net/html/zaira/assets/img/images/advertisement09.jpg]
[themegenix.net/html/zaira/assets/img/blog/tr_weekly_post01.jpg]
[themegenix.net/html/zaira/assets/img/blog/tr_weekly_post02.jpg]
[themegenix.net/html/zaira/assets/img/blog/tr_weekly_post03.jpg]
[themegenix.net/html/zaira/assets/img/blog/tr_weekly_post04.jpg]
[themegenix.net/html/zaira/assets/img/blog/tr_weekly_post05.jpg]
[themegenix.net/html/zaira/assets/img/blog/tr_weekly_post06.jpg]
[themegenix.net/html/zaira/assets/img/blog/tr_hot_post.jpg]
[themegenix.net/html/zaira/assets/img/images/sidebar_img03.jpg]
[themegenix.net/html/zaira/assets/img/instagram/insta_img01.jpg]
[themegenix.net/html/zaira/assets/img/instagram/insta_img02.jpg]
[themegenix.net/html/zaira/assets/img/instagram/insta_img03.jpg]
[themegenix.net/html/zaira/assets/img/instagram/insta_img04.jpg]
[themegenix.net/html/zaira/assets/img/instagram/insta_img05.jpg]
[themegenix.net/html/zaira/assets/img/instagram/insta_img06.jpg]
[themegenix.net/html/zaira/assets/img/instagram/insta_img07.jpg]
[themegenix.net/html/zaira/assets/img/instagram/insta_img08.jpg]
[themegenix.net/html/zaira/assets/img/images/footer_shape02.png]
[themegenix.net/html/zaira/index-4.html]
[themegenix.net/html/zaira/assets/img/icon/coin_icon01.svg]
[themegenix.net/html/zaira/assets/img/icon/coin_icon02.svg]
[themegenix.net/html/zaira/assets/img/icon/coin_icon03.svg]
[themegenix.net/html/zaira/assets/img/icon/coin_icon04.svg]
[themegenix.net/html/zaira/assets/img/icon/coin_icon05.svg]
[themegenix.net/html/zaira/assets/img/icon/coin_icon06.svg]
[themegenix.net/html/zaira/assets/img/icon/coin_icon07.svg]
[themegenix.net/html/zaira/assets/img/blog/cr_banner_post01.jpg]
[themegenix.net/html/zaira/assets/img/blog/cr_banner_post02.jpg]
[themegenix.net/html/zaira/assets/img/blog/cr_banner_post03.jpg]
[themegenix.net/html/zaira/assets/img/images/advertisement10.jpg]
[themegenix.net/html/zaira/assets/img/blog/cr_recent_post01.jpg]
[themegenix.net/html/zaira/assets/img/blog/cr_recent_post02.jpg]
[themegenix.net/html/zaira/assets/img/blog/cr_recent_post03.jpg]
[themegenix.net/html/zaira/assets/img/blog/cr_recent_post04.jpg]
[themegenix.net/html/zaira/assets/img/blog/cr_recent_post05.jpg]
[themegenix.net/html/zaira/assets/img/blog/cr_latest_post01.jpg]
[themegenix.net/html/zaira/assets/img/blog/cr_latest_post02.jpg]
[themegenix.net/html/zaira/assets/img/blog/cr_latest_post03.jpg]
[themegenix.net/html/zaira/assets/img/blog/cr_latest_post04.jpg]
[themegenix.net/html/zaira/assets/img/blog/cr_trending_post01.jpg]
[themegenix.net/html/zaira/assets/img/blog/cr_trending_post02.jpg]
[themegenix.net/html/zaira/assets/img/blog/cr_trending_post03.jpg]
[themegenix.net/html/zaira/assets/img/blog/cr_trending_post04.jpg]
[themegenix.net/html/zaira/assets/img/blog/cr_trending_post05.jpg]
[themegenix.net/html/zaira/assets/img/images/advertisement11.jpg]
[themegenix.net/html/zaira/assets/img/blog/cr_mining_post01.jpg]
[themegenix.net/html/zaira/assets/img/blog/cr_mining_post02.jpg]
[themegenix.net/html/zaira/assets/img/blog/cr_mining_post03.jpg]
[themegenix.net/html/zaira/assets/img/blog/cr_mining_post04.jpg]
[themegenix.net/html/zaira/assets/img/blog/cr_mining_post05.jpg]
[themegenix.net/html/zaira/assets/img/blog/cr_mining_post06.jpg]
[themegenix.net/html/zaira/assets/img/images/advertisement12.jpg]
[themegenix.net/html/zaira/assets/img/blog/cr_weekly_post01.jpg]
[themegenix.net/html/zaira/assets/img/blog/cr_weekly_post02.jpg]
[themegenix.net/html/zaira/assets/img/blog/cr_weekly_post03.jpg]
[themegenix.net/html/zaira/assets/img/blog/cr_weekly_post04.jpg]
[themegenix.net/html/zaira/assets/img/images/sidebar_img04.jpg]
[themegenix.net/html/zaira/index-5.html]
[themegenix.net/html/zaira/assets/img/blog/nw_banner_post03.jpg]
[themegenix.net/html/zaira/assets/img/blog/nw_banner_post01.jpg]
[themegenix.net/html/zaira/assets/img/blog/nw_banner_post02.jpg]
[themegenix.net/html/zaira/assets/img/images/advertisement13.jpg]
[themegenix.net/html/zaira/assets/img/blog/politics_post01.jpg]
[themegenix.net/html/zaira/assets/img/blog/today_post01.jpg]
[themegenix.net/html/zaira/assets/img/blog/today_post02.jpg]
[themegenix.net/html/zaira/assets/img/blog/stories_post01.jpg]
[themegenix.net/html/zaira/assets/img/blog/stories_post02.jpg]
[themegenix.net/html/zaira/assets/img/blog/stories_post03.jpg]
[themegenix.net/html/zaira/assets/img/blog/stories_post04.jpg]
[themegenix.net/html/zaira/assets/img/images/sidebar_img05.jpg]
[themegenix.net/html/zaira/assets/img/images/advertisement14.jpg]
[themegenix.net/html/zaira/assets/img/blog/nw_editor_post01.jpg]
[themegenix.net/html/zaira/assets/img/blog/nw_editor_post02.jpg]
[themegenix.net/html/zaira/assets/img/blog/nw_editor_post03.jpg]
[themegenix.net/html/zaira/assets/img/blog/nw_editor_post04.jpg]
[themegenix.net/html/zaira/assets/img/blog/top_news_post01.jpg]
[themegenix.net/html/zaira/assets/img/blog/top_news_post02.jpg]
[themegenix.net/html/zaira/assets/img/blog/top_news_post03.jpg]
[themegenix.net/html/zaira/assets/img/blog/top_news_post04.jpg]
[themegenix.net/html/zaira/assets/img/images/advertisement15.jpg]
[themegenix.net/html/zaira/assets/img/blog/sports_post01.jpg]
[themegenix.net/html/zaira/assets/img/blog/sports_post02.jpg]
[themegenix.net/html/zaira/assets/img/blog/sports_post03.jpg]
[themegenix.net/html/zaira/assets/img/blog/sports_post04.jpg]
[themegenix.net/html/zaira/assets/img/blog/sports_post05.jpg]
[themegenix.net/html/zaira/assets/img/images/sidebar_img06.jpg]
[themegenix.net/html/zaira/index-6.html]
[themegenix.net/html/zaira/assets/img/blog/blog_details01.jpg]
[themegenix.net/html/zaira/assets/img/blog/blog_details02.jpg]
[themegenix.net/html/zaira/assets/img/blog/blog_details03.jpg]
[themegenix.net/html/zaira/assets/img/images/avatar.png]
[themegenix.net/html/zaira/assets/img/blog/bd_post01.jpg]
[themegenix.net/html/zaira/assets/img/blog/bd_post02.jpg]
[themegenix.net/html/zaira/assets/img/images/comment01.png]
[themegenix.net/html/zaira/assets/img/images/comment02.png]
[themegenix.net/html/zaira/blog-details.html]
[themegenix.net/html/zaira/blog-details-two.html]
[themegenix.net/html/zaira/assets/img/images/author_img.png]
[themegenix.net/html/zaira/assets/img/blog/author_post01.jpg]
[themegenix.net/html/zaira/assets/img/blog/author_post02.jpg]
[themegenix.net/html/zaira/assets/img/blog/author_post03.jpg]
[themegenix.net/html/zaira/assets/img/blog/author_post04.jpg]
[themegenix.net/html/zaira/assets/img/blog/author_post05.jpg]
[themegenix.net/html/zaira/assets/img/blog/author_post06.jpg]
[themegenix.net/html/zaira/assets/img/blog/author_popular_post01.jpg]
[themegenix.net/html/zaira/assets/img/blog/author_popular_post02.jpg]
[themegenix.net/html/zaira/assets/img/blog/author_popular_post03.jpg]
[themegenix.net/html/zaira/assets/img/blog/author_popular_post04.jpg]
[themegenix.net/html/zaira/author.html]
[themegenix.net/html/zaira/blog-2.html]
[themegenix.net/html/zaira/blog-3.html]
[themegenix.net/html/zaira/assets/js/vendor/jquery-3.6.0.min.js]
[themegenix.net/html/zaira/assets/js/bootstrap.min.js]
[themegenix.net/html/zaira/assets/js/jquery.magnific-popup.min.js]
[themegenix.net/html/zaira/assets/js/slick.min.js]
[themegenix.net/html/zaira/e]
[themegenix.net/html/zaira/a.params.url]
[themegenix.net/html/zaira/assets/js/swiper-bundle.js]
[themegenix.net/html/zaira/assets/js/ajax-form.js]
[themegenix.net/html/zaira/assets/js/wow.min.js]
[themegenix.net/html/zaira/assets/js/main.js]
[themegenix.net/html/zaira/assets/fonts/fa-brands-400.svg]
[themegenix.net/html/zaira/assets/fonts/fa-regular-400.svg]
[themegenix.net/html/zaira/assets/fonts/fa-solid-900.svg]
[themegenix.net/html/zaira/assets/fonts/flaticon.svg]
[themegenix.net/html/zaira/assets/img/icon/contact_icon01.svg]
[themegenix.net/html/zaira/assets/img/icon/contact_icon02.svg]
[themegenix.net/html/zaira/assets/img/icon/contact_icon03.svg]
[themegenix.net/html/zaira/assets/img/icon/coin_icon01.svg]
[themegenix.net/html/zaira/assets/img/icon/coin_icon02.svg]
[themegenix.net/html/zaira/assets/img/icon/coin_icon03.svg]
[themegenix.net/html/zaira/assets/img/icon/coin_icon04.svg]
[themegenix.net/html/zaira/assets/img/icon/coin_icon05.svg]
[themegenix.net/html/zaira/assets/img/icon/coin_icon06.svg]
[themegenix.net/html/zaira/assets/img/icon/coin_icon07.svg]
[themegenix.net/html/zaira/assets/img/icon/trending_icon.svg]
[themegenix.net/html/zaira/e.html]
[themegenix.net/html/zaira/a.params.html]
